// Jest Snapshot v1, https://goo.gl/fbAQLP

exports[`VMap should render the map viewport 1`] = `
<div>
  <div
    style="height: 500px;"
  >
    <!---->
    <div
      class="ol-viewport"
      style="position: relative; overflow: hidden; width: 100%; height: 100%;"
    >
      <div
        class="ol-unselectable ol-layers"
        style="position: absolute; width: 100%; height: 100%; z-index: 0;"
      />
      <div
        class="ol-overlaycontainer"
        style="position: absolute; z-index: 0; width: 100%; height: 100%; pointer-events: none;"
      />
      <div
        class="ol-overlaycontainer-stopevent"
        style="position: absolute; z-index: 0; width: 100%; height: 100%; pointer-events: none;"
      >
        <div
          class="ol-zoom ol-unselectable ol-control"
          style="pointer-events: auto;"
        >
          <button
            class="ol-zoom-in"
            title="Zoom in"
            type="button"
          >
            +
          </button>
          <button
            class="ol-zoom-out"
            title="Zoom out"
            type="button"
          >
            −
          </button>
        </div>
        <div
          class="ol-rotate ol-unselectable ol-control ol-hidden"
          style="pointer-events: auto;"
        >
          <button
            class="ol-rotate-reset"
            title="Reset rotation"
            type="button"
          >
            <span
              class="ol-compass"
            >
              ⇧
            </span>
          </button>
        </div>
        <div
          class="ol-attribution ol-unselectable ol-control ol-collapsed"
          style="pointer-events: auto;"
        >
          <ul />
          <button
            title="Attributions"
            type="button"
          >
            <span>
              i
            </span>
          </button>
        </div>
      </div>
    </div>
  </div>
</div>
`;
